1.Modificar el video, porque no sé porque no funciona.
2.Añadir Media queries.
3.Meter código Javascript.
4.Traducir la página al español.
